// Jest Snapshot v1, https://goo.gl/fbAQLP

exports[`renders homepage unchanged 1`] = `
<div>
  <main
    class="p-4 flex justify-center items-center"
  >
    <section
      class="min-w-full"
    >
      <label
        class="flex justify-center"
        for="search"
      >
        <input
          class="w-full max-w-lg px-4 py-2 border border-slate-300 rounded-full focus:border-slate-500 outline-none"
          id="search"
          placeholder="Type a GitHub username..."
          role="search"
          type="search"
        />
      </label>
      <div
        class="mt-4 text-center italic text-md text-slate-500"
      />
    </section>
  </main>
</div>
`;
